// Jest Snapshot v1, https://goo.gl/fbAQLP

exports[`coin list Component renders a list of coin detail components 1`] = `[Function]`;
